// Vitest Snapshot v1, https://vitest.dev/guide/snapshot.html

exports[`test Language Button component > component renders  1`] = `
{
  "asFragment": [Function],
  "baseElement": <body>
    <div>
      <a
        aria-label="zmień język na / change language text"
        class="relative group hover:scale-110 rounded-md flex justify-center items-center    transition-all"
        href=""
        style="background-image: url(undefined); width: 80px; height: 40px;"
      >
        <span
          class="relative z-20 invisible group-hover:visible transition-all text-white"
        >
           
          text
        </span>
        <div
          class="absolute w-full h-fit  group-hover:bg-none opacity-50 group-hover:bg-black group-hover:h-full transition-all"
        />
      </a>
    </div>
  </body>,
  "container": <div>
    <a
      aria-label="zmień język na / change language text"
      class="relative group hover:scale-110 rounded-md flex justify-center items-center    transition-all"
      href=""
      style="background-image: url(undefined); width: 80px; height: 40px;"
    >
      <span
        class="relative z-20 invisible group-hover:visible transition-all text-white"
      >
         
        text
      </span>
      <div
        class="absolute w-full h-fit  group-hover:bg-none opacity-50 group-hover:bg-black group-hover:h-full transition-all"
      />
    </a>
  </div>,
  "debug": [Function],
  "findAllByAltText": [Function],
  "findAllByDisplayValue": [Function],
  "findAllByLabelText": [Function],
  "findAllByPlaceholderText": [Function],
  "findAllByRole": [Function],
  "findAllByTestId": [Function],
  "findAllByText": [Function],
  "findAllByTitle": [Function],
  "findByAltText": [Function],
  "findByDisplayValue": [Function],
  "findByLabelText": [Function],
  "findByPlaceholderText": [Function],
  "findByRole": [Function],
  "findByTestId": [Function],
  "findByText": [Function],
  "findByTitle": [Function],
  "getAllByAltText": [Function],
  "getAllByDisplayValue": [Function],
  "getAllByLabelText": [Function],
  "getAllByPlaceholderText": [Function],
  "getAllByRole": [Function],
  "getAllByTestId": [Function],
  "getAllByText": [Function],
  "getAllByTitle": [Function],
  "getByAltText": [Function],
  "getByDisplayValue": [Function],
  "getByLabelText": [Function],
  "getByPlaceholderText": [Function],
  "getByRole": [Function],
  "getByTestId": [Function],
  "getByText": [Function],
  "getByTitle": [Function],
  "queryAllByAltText": [Function],
  "queryAllByDisplayValue": [Function],
  "queryAllByLabelText": [Function],
  "queryAllByPlaceholderText": [Function],
  "queryAllByRole": [Function],
  "queryAllByTestId": [Function],
  "queryAllByText": [Function],
  "queryAllByTitle": [Function],
  "queryByAltText": [Function],
  "queryByDisplayValue": [Function],
  "queryByLabelText": [Function],
  "queryByPlaceholderText": [Function],
  "queryByRole": [Function],
  "queryByTestId": [Function],
  "queryByText": [Function],
  "queryByTitle": [Function],
  "rerender": [Function],
  "unmount": [Function],
}
`;
